
==========================================================================
detailed place report_tns
--------------------------------------------------------------------------
tns 0.00

==========================================================================
detailed place report_wns
--------------------------------------------------------------------------
wns 0.00

==========================================================================
detailed place report_worst_slack
--------------------------------------------------------------------------
worst slack 5.13

==========================================================================
detailed place report_checks -path_delay min
--------------------------------------------------------------------------
Startpoint: CPU_rd_a2[0]$_DFF_P_
            (rising edge-triggered flip-flop clocked by clk)
Endpoint: CPU_rd_a3[0]$_DFF_P_ (rising edge-triggered flip-flop clocked by clk)
Path Group: clk
Path Type: min

Fanout     Cap    Slew   Delay    Time   Description
-----------------------------------------------------------------------------
                  0.48    0.00    0.00   clock clk (rise edge)
                          0.00    0.00   clock network delay (ideal)
                  0.48    0.00    0.00 ^ CPU_rd_a2[0]$_DFF_P_/CLK (sky130_fd_sc_hd__dfxtp_1)
     1    0.00    0.02    0.40    0.40 v CPU_rd_a2[0]$_DFF_P_/Q (sky130_fd_sc_hd__dfxtp_1)
                                         CPU_rd_a2[0] (net)
                  0.02    0.00    0.40 v CPU_rd_a3[0]$_DFF_P_/D (sky130_fd_sc_hd__dfxtp_2)
                                  0.40   data arrival time

                  0.48    0.00    0.00   clock clk (rise edge)
                          0.00    0.00   clock network delay (ideal)
                          0.77    0.77   clock uncertainty
                          0.00    0.77   clock reconvergence pessimism
                                  0.77 ^ CPU_rd_a3[0]$_DFF_P_/CLK (sky130_fd_sc_hd__dfxtp_2)
                          0.06    0.83   library hold time
                                  0.83   data required time
-----------------------------------------------------------------------------
                                  0.83   data required time
                                 -0.40   data arrival time
-----------------------------------------------------------------------------
                                 -0.43   slack (VIOLATED)



==========================================================================
detailed place report_checks -path_delay max
--------------------------------------------------------------------------
Startpoint: CPU_imm_a3[30]$_DFF_P_
            (rising edge-triggered flip-flop clocked by clk)
Endpoint: CPU_Xreg_value_a4[7][0]$_SDFFE_PP1P_
          (rising edge-triggered flip-flop clocked by clk)
Path Group: clk
Path Type: max

Fanout     Cap    Slew   Delay    Time   Description
-----------------------------------------------------------------------------
                  0.48    0.00    0.00   clock clk (rise edge)
                          0.00    0.00   clock network delay (ideal)
                  0.48    0.00    0.00 ^ CPU_imm_a3[30]$_DFF_P_/CLK (sky130_fd_sc_hd__dfxtp_4)
    51    0.28    0.76    0.96    0.96 ^ CPU_imm_a3[30]$_DFF_P_/Q (sky130_fd_sc_hd__dfxtp_4)
                                         CPU_imm_a3[10] (net)
                  0.76    0.02    0.97 ^ _11545_/A (sky130_fd_sc_hd__ha_2)
    10    0.04    0.22    0.45    1.43 ^ _11545_/SUM (sky130_fd_sc_hd__ha_2)
                                         _05608_ (net)
                  0.22    0.00    1.43 ^ _07914_/A (sky130_fd_sc_hd__nand4_1)
     2    0.01    0.14    0.17    1.60 v _07914_/Y (sky130_fd_sc_hd__nand4_1)
                                         _02526_ (net)
                  0.14    0.00    1.60 v _07916_/C (sky130_fd_sc_hd__or4_2)
     3    0.01    0.14    0.71    2.30 v _07916_/X (sky130_fd_sc_hd__or4_2)
                                         _02528_ (net)
                  0.14    0.00    2.30 v _07944_/A (sky130_fd_sc_hd__nor3_1)
     1    0.01    0.21    0.26    2.57 ^ _07944_/Y (sky130_fd_sc_hd__nor3_1)
                                         _02556_ (net)
                  0.21    0.00    2.57 ^ _07945_/B (sky130_fd_sc_hd__nand2_1)
     1    0.01    0.10    0.11    2.68 v _07945_/Y (sky130_fd_sc_hd__nand2_1)
                                         _02557_ (net)
                  0.10    0.00    2.68 v _07946_/A2 (sky130_fd_sc_hd__a21oi_1)
     1    0.01    0.15    0.19    2.87 ^ _07946_/Y (sky130_fd_sc_hd__a21oi_1)
                                         _02558_ (net)
                  0.15    0.00    2.87 ^ _07947_/C1 (sky130_fd_sc_hd__a211oi_2)
     1    0.01    0.10    0.07    2.94 v _07947_/Y (sky130_fd_sc_hd__a211oi_2)
                                         _02559_ (net)
                  0.10    0.00    2.94 v _07948_/C1 (sky130_fd_sc_hd__a211oi_4)
    10    0.06    0.70    0.58    3.51 ^ _07948_/Y (sky130_fd_sc_hd__a211oi_4)
                                         _02560_ (net)
                  0.70    0.01    3.52 ^ _08688_/A2 (sky130_fd_sc_hd__a21o_2)
     8    0.02    0.13    0.31    3.83 ^ _08688_/X (sky130_fd_sc_hd__a21o_2)
                                         _03265_ (net)
                  0.13    0.00    3.83 ^ _09786_/A1 (sky130_fd_sc_hd__o211ai_1)
     1    0.00    0.14    0.11    3.94 v _09786_/Y (sky130_fd_sc_hd__o211ai_1)
                                         _00928_ (net)
                  0.14    0.00    3.94 v CPU_Xreg_value_a4[7][0]$_SDFFE_PP1P_/D (sky130_fd_sc_hd__dfxtp_1)
                                  3.94   data arrival time

                  0.48    9.60    9.60   clock clk (rise edge)
                          0.00    9.60   clock network delay (ideal)
                         -0.48    9.12   clock uncertainty
                          0.00    9.12   clock reconvergence pessimism
                                  9.12 ^ CPU_Xreg_value_a4[7][0]$_SDFFE_PP1P_/CLK (sky130_fd_sc_hd__dfxtp_1)
                         -0.05    9.07   library setup time
                                  9.07   data required time
-----------------------------------------------------------------------------
                                  9.07   data required time
                                 -3.94   data arrival time
-----------------------------------------------------------------------------
                                  5.13   slack (MET)



==========================================================================
detailed place report_checks -unconstrained
--------------------------------------------------------------------------
Startpoint: CPU_imm_a3[30]$_DFF_P_
            (rising edge-triggered flip-flop clocked by clk)
Endpoint: CPU_Xreg_value_a4[7][0]$_SDFFE_PP1P_
          (rising edge-triggered flip-flop clocked by clk)
Path Group: clk
Path Type: max

Fanout     Cap    Slew   Delay    Time   Description
-----------------------------------------------------------------------------
                  0.48    0.00    0.00   clock clk (rise edge)
                          0.00    0.00   clock network delay (ideal)
                  0.48    0.00    0.00 ^ CPU_imm_a3[30]$_DFF_P_/CLK (sky130_fd_sc_hd__dfxtp_4)
    51    0.28    0.76    0.96    0.96 ^ CPU_imm_a3[30]$_DFF_P_/Q (sky130_fd_sc_hd__dfxtp_4)
                                         CPU_imm_a3[10] (net)
                  0.76    0.02    0.97 ^ _11545_/A (sky130_fd_sc_hd__ha_2)
    10    0.04    0.22    0.45    1.43 ^ _11545_/SUM (sky130_fd_sc_hd__ha_2)
                                         _05608_ (net)
                  0.22    0.00    1.43 ^ _07914_/A (sky130_fd_sc_hd__nand4_1)
     2    0.01    0.14    0.17    1.60 v _07914_/Y (sky130_fd_sc_hd__nand4_1)
                                         _02526_ (net)
                  0.14    0.00    1.60 v _07916_/C (sky130_fd_sc_hd__or4_2)
     3    0.01    0.14    0.71    2.30 v _07916_/X (sky130_fd_sc_hd__or4_2)
                                         _02528_ (net)
                  0.14    0.00    2.30 v _07944_/A (sky130_fd_sc_hd__nor3_1)
     1    0.01    0.21    0.26    2.57 ^ _07944_/Y (sky130_fd_sc_hd__nor3_1)
                                         _02556_ (net)
                  0.21    0.00    2.57 ^ _07945_/B (sky130_fd_sc_hd__nand2_1)
     1    0.01    0.10    0.11    2.68 v _07945_/Y (sky130_fd_sc_hd__nand2_1)
                                         _02557_ (net)
                  0.10    0.00    2.68 v _07946_/A2 (sky130_fd_sc_hd__a21oi_1)
     1    0.01    0.15    0.19    2.87 ^ _07946_/Y (sky130_fd_sc_hd__a21oi_1)
                                         _02558_ (net)
                  0.15    0.00    2.87 ^ _07947_/C1 (sky130_fd_sc_hd__a211oi_2)
     1    0.01    0.10    0.07    2.94 v _07947_/Y (sky130_fd_sc_hd__a211oi_2)
                                         _02559_ (net)
                  0.10    0.00    2.94 v _07948_/C1 (sky130_fd_sc_hd__a211oi_4)
    10    0.06    0.70    0.58    3.51 ^ _07948_/Y (sky130_fd_sc_hd__a211oi_4)
                                         _02560_ (net)
                  0.70    0.01    3.52 ^ _08688_/A2 (sky130_fd_sc_hd__a21o_2)
     8    0.02    0.13    0.31    3.83 ^ _08688_/X (sky130_fd_sc_hd__a21o_2)
                                         _03265_ (net)
                  0.13    0.00    3.83 ^ _09786_/A1 (sky130_fd_sc_hd__o211ai_1)
     1    0.00    0.14    0.11    3.94 v _09786_/Y (sky130_fd_sc_hd__o211ai_1)
                                         _00928_ (net)
                  0.14    0.00    3.94 v CPU_Xreg_value_a4[7][0]$_SDFFE_PP1P_/D (sky130_fd_sc_hd__dfxtp_1)
                                  3.94   data arrival time

                  0.48    9.60    9.60   clock clk (rise edge)
                          0.00    9.60   clock network delay (ideal)
                         -0.48    9.12   clock uncertainty
                          0.00    9.12   clock reconvergence pessimism
                                  9.12 ^ CPU_Xreg_value_a4[7][0]$_SDFFE_PP1P_/CLK (sky130_fd_sc_hd__dfxtp_1)
                         -0.05    9.07   library setup time
                                  9.07   data required time
-----------------------------------------------------------------------------
                                  9.07   data required time
                                 -3.94   data arrival time
-----------------------------------------------------------------------------
                                  5.13   slack (MET)



==========================================================================
detailed place report_check_types -max_slew -max_cap -max_fanout -violators
--------------------------------------------------------------------------

==========================================================================
detailed place max_slew_check_slack
--------------------------------------------------------------------------
0.06462830305099487

==========================================================================
detailed place max_slew_check_limit
--------------------------------------------------------------------------
1.4968260526657104

==========================================================================
detailed place max_slew_check_slack_limit
--------------------------------------------------------------------------
0.0432

==========================================================================
detailed place max_fanout_check_slack
--------------------------------------------------------------------------
1.0000000150474662e+30

==========================================================================
detailed place max_fanout_check_limit
--------------------------------------------------------------------------
1.0000000150474662e+30

==========================================================================
detailed place max_capacitance_check_slack
--------------------------------------------------------------------------
0.011577842757105827

==========================================================================
detailed place max_capacitance_check_limit
--------------------------------------------------------------------------
0.2545270025730133

==========================================================================
detailed place max_capacitance_check_slack_limit
--------------------------------------------------------------------------
0.0455

==========================================================================
detailed place max_slew_violation_count
--------------------------------------------------------------------------
max slew violation count 0

==========================================================================
detailed place max_fanout_violation_count
--------------------------------------------------------------------------
max fanout violation count 0

==========================================================================
detailed place max_cap_violation_count
--------------------------------------------------------------------------
max cap violation count 0

==========================================================================
detailed place setup_violation_count
--------------------------------------------------------------------------
setup violation count 0

==========================================================================
detailed place hold_violation_count
--------------------------------------------------------------------------
hold violation count 1221

==========================================================================
detailed place report_checks -path_delay max reg to reg
--------------------------------------------------------------------------
Startpoint: CPU_imm_a3[30]$_DFF_P_
            (rising edge-triggered flip-flop clocked by clk)
Endpoint: CPU_Xreg_value_a4[7][0]$_SDFFE_PP1P_
          (rising edge-triggered flip-flop clocked by clk)
Path Group: clk
Path Type: max

  Delay    Time   Description
---------------------------------------------------------
   0.00    0.00   clock clk (rise edge)
   0.00    0.00   clock network delay (ideal)
   0.00    0.00 ^ CPU_imm_a3[30]$_DFF_P_/CLK (sky130_fd_sc_hd__dfxtp_4)
   0.96    0.96 ^ CPU_imm_a3[30]$_DFF_P_/Q (sky130_fd_sc_hd__dfxtp_4)
   0.47    1.43 ^ _11545_/SUM (sky130_fd_sc_hd__ha_2)
   0.17    1.60 v _07914_/Y (sky130_fd_sc_hd__nand4_1)
   0.71    2.30 v _07916_/X (sky130_fd_sc_hd__or4_2)
   0.26    2.57 ^ _07944_/Y (sky130_fd_sc_hd__nor3_1)
   0.11    2.68 v _07945_/Y (sky130_fd_sc_hd__nand2_1)
   0.19    2.87 ^ _07946_/Y (sky130_fd_sc_hd__a21oi_1)
   0.07    2.94 v _07947_/Y (sky130_fd_sc_hd__a211oi_2)
   0.58    3.51 ^ _07948_/Y (sky130_fd_sc_hd__a211oi_4)
   0.32    3.83 ^ _08688_/X (sky130_fd_sc_hd__a21o_2)
   0.11    3.94 v _09786_/Y (sky130_fd_sc_hd__o211ai_1)
   0.00    3.94 v CPU_Xreg_value_a4[7][0]$_SDFFE_PP1P_/D (sky130_fd_sc_hd__dfxtp_1)
           3.94   data arrival time

   9.60    9.60   clock clk (rise edge)
   0.00    9.60   clock network delay (ideal)
  -0.48    9.12   clock uncertainty
   0.00    9.12   clock reconvergence pessimism
           9.12 ^ CPU_Xreg_value_a4[7][0]$_SDFFE_PP1P_/CLK (sky130_fd_sc_hd__dfxtp_1)
  -0.05    9.07   library setup time
           9.07   data required time
---------------------------------------------------------
           9.07   data required time
          -3.94   data arrival time
---------------------------------------------------------
           5.13   slack (MET)



==========================================================================
detailed place report_checks -path_delay min reg to reg
--------------------------------------------------------------------------
Startpoint: CPU_rd_a2[0]$_DFF_P_
            (rising edge-triggered flip-flop clocked by clk)
Endpoint: CPU_rd_a3[0]$_DFF_P_ (rising edge-triggered flip-flop clocked by clk)
Path Group: clk
Path Type: min

  Delay    Time   Description
---------------------------------------------------------
   0.00    0.00   clock clk (rise edge)
   0.00    0.00   clock network delay (ideal)
   0.00    0.00 ^ CPU_rd_a2[0]$_DFF_P_/CLK (sky130_fd_sc_hd__dfxtp_1)
   0.40    0.40 v CPU_rd_a2[0]$_DFF_P_/Q (sky130_fd_sc_hd__dfxtp_1)
   0.00    0.40 v CPU_rd_a3[0]$_DFF_P_/D (sky130_fd_sc_hd__dfxtp_2)
           0.40   data arrival time

   0.00    0.00   clock clk (rise edge)
   0.00    0.00   clock network delay (ideal)
   0.77    0.77   clock uncertainty
   0.00    0.77   clock reconvergence pessimism
           0.77 ^ CPU_rd_a3[0]$_DFF_P_/CLK (sky130_fd_sc_hd__dfxtp_2)
   0.06    0.83   library hold time
           0.83   data required time
---------------------------------------------------------
           0.83   data required time
          -0.40   data arrival time
---------------------------------------------------------
          -0.43   slack (VIOLATED)



==========================================================================
detailed place critical path target clock latency max path
--------------------------------------------------------------------------
0

==========================================================================
detailed place critical path target clock latency min path
--------------------------------------------------------------------------
0

==========================================================================
detailed place critical path source clock latency min path
--------------------------------------------------------------------------
0

==========================================================================
detailed place critical path delay
--------------------------------------------------------------------------
3.9385

==========================================================================
detailed place critical path slack
--------------------------------------------------------------------------
5.1299

==========================================================================
detailed place slack div critical path delay
--------------------------------------------------------------------------
130.250095

==========================================================================
detailed place report_power
--------------------------------------------------------------------------
Group                  Internal  Switching    Leakage      Total
                          Power      Power      Power      Power (Watts)
----------------------------------------------------------------
Sequential             5.85e-03   7.60e-04   1.04e-08   6.61e-03  55.6%
Combinational          1.63e-03   3.65e-03   1.12e-08   5.28e-03  44.4%
Clock                  0.00e+00   0.00e+00   0.00e+00   0.00e+00   0.0%
Macro                  0.00e+00   0.00e+00   0.00e+00   0.00e+00   0.0%
Pad                    0.00e+00   0.00e+00   0.00e+00   0.00e+00   0.0%
----------------------------------------------------------------
Total                  7.48e-03   4.41e-03   2.16e-08   1.19e-02 100.0%
                          62.9%      37.1%       0.0%
